
> jessy-luxury-fragrance@1.0.0 prebuild
> node scripts/prebuild.mjs


ΓåÆ DATABASE_URL found ΓÇö syncing schema with `prisma db push`...

Environment variables loaded from .env
Prisma schema loaded from prisma\schema.prisma
Datasource "db": PostgreSQL database "neondb", schema "public" at "ep-silent-forest-azug0wa0-pooler.c-3.ap-southeast-1.aws.neon.tech"

The database is already in sync with the Prisma schema.

Running generate... (Use --skip-generate to skip the generators)
[2K[1A[2K[GRunning generate... - Prisma Client
[2K[1A[2K[GΓ£ö Generated Prisma Client (v5.20.0) to .\node_modules\@prisma\client in 841ms


ΓåÆ Generating Prisma Client...

Environment variables loaded from .env
Prisma schema loaded from prisma\schema.prisma

Γ£ö Generated Prisma Client (v5.20.0) to .\node_modules\@prisma\client in 1.27s

Start by importing your Prisma Client (See: http://pris.ly/d/importing-client)

Tip: Interested in query caching in just a few lines of code? Try Accelerate today! https://pris.ly/tip-3-accelerate


> jessy-luxury-fragrance@1.0.0 build
> next build

  Γû▓ Next.js 14.2.35
  - Environments: .env

   Creating an optimized production build ...
 Γ£ô Compiled successfully
   Linting and checking validity of types ...
Failed to compile.

./app/api/customer-groups/route.ts:20:29
Type error: Object literal may only specify known properties, but 'customers' does not exist in type 'CustomerGroupCountOutputTypeSelect<DefaultArgs>'. Did you mean to write 'Customer'?

  18 |     const groups = await prisma.customerGroup.findMany({
  19 |       include: {
> 20 |         _count: { select: { customers: true, priceRules: true } },
     |                             ^
  21 |       },
  22 |       orderBy: { name: 'asc' },
  23 |     })
Next.js build worker exited with code: 1 and signal: null
