[E2E Env Loader] Successfully loaded environment from .env

Running 11 tests using 1 worker

[E2E Env Loader] Successfully loaded environment from .env
  ok  1 [chromium] ΓÇ║ e2e\settings\import-export.spec.ts:23:7 ΓÇ║ Configuration Import/Export ΓÇ║ should export all settings as JSON with masked secrets (2.0s)
  ok  2 [chromium] ΓÇ║ e2e\settings\import-export.spec.ts:53:7 ΓÇ║ Configuration Import/Export ΓÇ║ should validate business profile data on import (425ms)
  ok  3 [chromium] ΓÇ║ e2e\settings\import-export.spec.ts:77:7 ΓÇ║ Configuration Import/Export ΓÇ║ should validate store locations on import (421ms)
  x   4 [chromium] ΓÇ║ e2e\settings\import-export.spec.ts:97:7 ΓÇ║ Configuration Import/Export ΓÇ║ should validate staff accounts on import (474ms)
[E2E Env Loader] Successfully loaded environment from .env
  ok  5 [chromium] ΓÇ║ e2e\settings\import-export.spec.ts:121:7 ΓÇ║ Configuration Import/Export ΓÇ║ should reject unmasked secrets in import (495ms)
  x   6 [chromium] ΓÇ║ e2e\settings\import-export.spec.ts:140:7 ΓÇ║ Configuration Import/Export ΓÇ║ should import valid configuration successfully (2.3s)
[E2E Env Loader] Successfully loaded environment from .env
  ok  7 [chromium] ΓÇ║ e2e\settings\import-export.spec.ts:182:7 ΓÇ║ Configuration Import/Export ΓÇ║ should enforce authorization on export (96ms)
  ok  8 [chromium] ΓÇ║ e2e\settings\import-export.spec.ts:190:7 ΓÇ║ Configuration Import/Export ΓÇ║ should enforce authorization on import (33ms)
  ok  9 [chromium] ΓÇ║ e2e\settings\import-export.spec.ts:199:7 ΓÇ║ Configuration Import/Export ΓÇ║ should maintain round-trip property for non-secret settings (2.9s)
  ok 10 [chromium] ΓÇ║ e2e\settings\import-export.spec.ts:234:7 ΓÇ║ Configuration Import/Export ΓÇ║ should handle empty configuration export (858ms)
  x  11 [chromium] ΓÇ║ e2e\settings\import-export.spec.ts:247:7 ΓÇ║ Configuration Import/Export ΓÇ║ should create audit log on successful import (1.6s)


  1) [chromium] ΓÇ║ e2e\settings\import-export.spec.ts:97:7 ΓÇ║ Configuration Import/Export ΓÇ║ should validate staff accounts on import 

    Error: expect(received).toContain(expected) // indexOf

    Expected value: "Invalid email format"
    Received array: ["Invalid email format: invalid-email"]

      116 |     expect(response.status()).toBe(400)
      117 |     const error = await response.json()
    > 118 |     expect(error.details).toContain('Invalid email format')
          |                           ^
      119 |   })
      120 |
      121 |   test('should reject unmasked secrets in import', async ({ request }) => {
        at E:\jessy-luxury-website\jessy-luxury\e2e\settings\import-export.spec.ts:118:27

    Error Context: test-results\settings-import-export-Con-47825-te-staff-accounts-on-import-chromium\error-context.md

    attachment #2: trace (application/zip) ΓöÇΓöÇΓöÇΓöÇΓöÇΓöÇΓöÇΓöÇΓöÇΓöÇΓöÇΓöÇΓöÇΓöÇΓöÇΓöÇΓöÇΓöÇΓöÇΓöÇΓöÇΓöÇΓöÇΓöÇΓöÇΓöÇΓöÇΓöÇΓöÇΓöÇΓöÇΓöÇΓöÇΓöÇΓöÇΓöÇΓöÇΓöÇΓöÇΓöÇΓöÇΓöÇΓöÇΓöÇΓöÇΓöÇΓöÇΓöÇΓöÇΓöÇΓöÇΓöÇΓöÇΓöÇΓöÇΓöÇΓöÇ
    test-results\settings-import-export-Con-47825-te-staff-accounts-on-import-chromium\trace.zip
    Usage:

        npx playwright show-trace test-results\settings-import-export-Con-47825-te-staff-accounts-on-import-chromium\trace.zip

    ΓöÇΓöÇΓöÇΓöÇΓöÇΓöÇΓöÇΓöÇΓöÇΓöÇΓöÇΓöÇΓöÇΓöÇΓöÇΓöÇΓöÇΓöÇΓöÇΓöÇΓöÇΓöÇΓöÇΓöÇΓöÇΓöÇΓöÇΓöÇΓöÇΓöÇΓöÇΓöÇΓöÇΓöÇΓöÇΓöÇΓöÇΓöÇΓöÇΓöÇΓöÇΓöÇΓöÇΓöÇΓöÇΓöÇΓöÇΓöÇΓöÇΓöÇΓöÇΓöÇΓöÇΓöÇΓöÇΓöÇΓöÇΓöÇΓöÇΓöÇΓöÇΓöÇΓöÇΓöÇΓöÇΓöÇΓöÇΓöÇΓöÇΓöÇΓöÇΓöÇΓöÇΓöÇΓöÇΓöÇΓöÇΓöÇΓöÇΓöÇΓöÇΓöÇΓöÇΓöÇΓöÇΓöÇΓöÇΓöÇΓöÇΓöÇΓöÇΓöÇΓöÇΓöÇΓöÇΓöÇ

  2) [chromium] ΓÇ║ e2e\settings\import-export.spec.ts:140:7 ΓÇ║ Configuration Import/Export ΓÇ║ should import valid configuration successfully 

    Error: expect(received).toBe(expected) // Object.is equality

    Expected: 200
    Received: 500

      175 |     })
      176 |
    > 177 |     expect(response.status()).toBe(200)
          |                               ^
      178 |     const result = await response.json()
      179 |     expect(result.success).toBe(true)
      180 |   })
        at E:\jessy-luxury-website\jessy-luxury\e2e\settings\import-export.spec.ts:177:31

    Error Context: test-results\settings-import-export-Con-ebbd3--configuration-successfully-chromium\error-context.md

    attachment #2: trace (application/zip) ΓöÇΓöÇΓöÇΓöÇΓöÇΓöÇΓöÇΓöÇΓöÇΓöÇΓöÇΓöÇΓöÇΓöÇΓöÇΓöÇΓöÇΓöÇΓöÇΓöÇΓöÇΓöÇΓöÇΓöÇΓöÇΓöÇΓöÇΓöÇΓöÇΓöÇΓöÇΓöÇΓöÇΓöÇΓöÇΓöÇΓöÇΓöÇΓöÇΓöÇΓöÇΓöÇΓöÇΓöÇΓöÇΓöÇΓöÇΓöÇΓöÇΓöÇΓöÇΓöÇΓöÇΓöÇΓöÇΓöÇΓöÇ
    test-results\settings-import-export-Con-ebbd3--configuration-successfully-chromium\trace.zip
    Usage:

        npx playwright show-trace test-results\settings-import-export-Con-ebbd3--configuration-successfully-chromium\trace.zip

    ΓöÇΓöÇΓöÇΓöÇΓöÇΓöÇΓöÇΓöÇΓöÇΓöÇΓöÇΓöÇΓöÇΓöÇΓöÇΓöÇΓöÇΓöÇΓöÇΓöÇΓöÇΓöÇΓöÇΓöÇΓöÇΓöÇΓöÇΓöÇΓöÇΓöÇΓöÇΓöÇΓöÇΓöÇΓöÇΓöÇΓöÇΓöÇΓöÇΓöÇΓöÇΓöÇΓöÇΓöÇΓöÇΓöÇΓöÇΓöÇΓöÇΓöÇΓöÇΓöÇΓöÇΓöÇΓöÇΓöÇΓöÇΓöÇΓöÇΓöÇΓöÇΓöÇΓöÇΓöÇΓöÇΓöÇΓöÇΓöÇΓöÇΓöÇΓöÇΓöÇΓöÇΓöÇΓöÇΓöÇΓöÇΓöÇΓöÇΓöÇΓöÇΓöÇΓöÇΓöÇΓöÇΓöÇΓöÇΓöÇΓöÇΓöÇΓöÇΓöÇΓöÇΓöÇΓöÇΓöÇ

  3) [chromium] ΓÇ║ e2e\settings\import-export.spec.ts:247:7 ΓÇ║ Configuration Import/Export ΓÇ║ should create audit log on successful import 

    Error: expect(received).toBe(expected) // Object.is equality

    Expected: 200
    Received: 500

      259 |     })
      260 |
    > 261 |     expect(response.status()).toBe(200)
          |                               ^
      262 |
      263 |     // Note: In a real test, you'd verify the audit log was created by checking the database
      264 |     // or by calling an audit log endpoint if available
        at E:\jessy-luxury-website\jessy-luxury\e2e\settings\import-export.spec.ts:261:31

    Error Context: test-results\settings-import-export-Con-fd5bc-it-log-on-successful-import-chromium\error-context.md

    attachment #2: trace (application/zip) ΓöÇΓöÇΓöÇΓöÇΓöÇΓöÇΓöÇΓöÇΓöÇΓöÇΓöÇΓöÇΓöÇΓöÇΓöÇΓöÇΓöÇΓöÇΓöÇΓöÇΓöÇΓöÇΓöÇΓöÇΓöÇΓöÇΓöÇΓöÇΓöÇΓöÇΓöÇΓöÇΓöÇΓöÇΓöÇΓöÇΓöÇΓöÇΓöÇΓöÇΓöÇΓöÇΓöÇΓöÇΓöÇΓöÇΓöÇΓöÇΓöÇΓöÇΓöÇΓöÇΓöÇΓöÇΓöÇΓöÇΓöÇ
    test-results\settings-import-export-Con-fd5bc-it-log-on-successful-import-chromium\trace.zip
    Usage:

        npx playwright show-trace test-results\settings-import-export-Con-fd5bc-it-log-on-successful-import-chromium\trace.zip

    ΓöÇΓöÇΓöÇΓöÇΓöÇΓöÇΓöÇΓöÇΓöÇΓöÇΓöÇΓöÇΓöÇΓöÇΓöÇΓöÇΓöÇΓöÇΓöÇΓöÇΓöÇΓöÇΓöÇΓöÇΓöÇΓöÇΓöÇΓöÇΓöÇΓöÇΓöÇΓöÇΓöÇΓöÇΓöÇΓöÇΓöÇΓöÇΓöÇΓöÇΓöÇΓöÇΓöÇΓöÇΓöÇΓöÇΓöÇΓöÇΓöÇΓöÇΓöÇΓöÇΓöÇΓöÇΓöÇΓöÇΓöÇΓöÇΓöÇΓöÇΓöÇΓöÇΓöÇΓöÇΓöÇΓöÇΓöÇΓöÇΓöÇΓöÇΓöÇΓöÇΓöÇΓöÇΓöÇΓöÇΓöÇΓöÇΓöÇΓöÇΓöÇΓöÇΓöÇΓöÇΓöÇΓöÇΓöÇΓöÇΓöÇΓöÇΓöÇΓöÇΓöÇΓöÇΓöÇΓöÇ

  3 failed
    [chromium] ΓÇ║ e2e\settings\import-export.spec.ts:97:7 ΓÇ║ Configuration Import/Export ΓÇ║ should validate staff accounts on import 
    [chromium] ΓÇ║ e2e\settings\import-export.spec.ts:140:7 ΓÇ║ Configuration Import/Export ΓÇ║ should import valid configuration successfully 
    [chromium] ΓÇ║ e2e\settings\import-export.spec.ts:247:7 ΓÇ║ Configuration Import/Export ΓÇ║ should create audit log on successful import 
  8 passed (32.7s)
