app/api/products/route.ts(99,7): error TS2322: Type '{ name: any; brand: any; price: number; salePrice: number | null; costPrice: number; badge: any; categoryId: number; volume: any; notes: any; topNotes: any; middleNotes: any; baseNotes: any; description: any; ... 4 more ...; images: any[]; }' is not assignable to type '(Without<ProductCreateInput, ProductUncheckedCreateInput> & ProductUncheckedCreateInput) | (Without<...> & ProductCreateInput)'.
  Type '{ name: any; brand: any; price: number; salePrice: number | null; costPrice: number; badge: any; categoryId: number; volume: any; notes: any; topNotes: any; middleNotes: any; baseNotes: any; description: any; ... 4 more ...; images: any[]; }' is not assignable to type 'Without<ProductCreateInput, ProductUncheckedCreateInput> & ProductUncheckedCreateInput'.
    Property 'updatedAt' is missing in type '{ name: any; brand: any; price: number; salePrice: number | null; costPrice: number; badge: any; categoryId: number; volume: any; notes: any; topNotes: any; middleNotes: any; baseNotes: any; description: any; ... 4 more ...; images: any[]; }' but required in type 'ProductUncheckedCreateInput'.
app/api/push-subscriptions/route.ts(25,7): error TS2322: Type '{ pushToken: any; customerId: number | null; deviceType: any; active: true; }' is not assignable to type '(Without<CustomerPushSubscriptionCreateInput, CustomerPushSubscriptionUncheckedCreateInput> & CustomerPushSubscriptionUncheckedCreateInput) | (Without<...> & CustomerPushSubscriptionCreateInput)'.
  Type '{ pushToken: any; customerId: number | null; deviceType: any; active: true; }' is not assignable to type 'Without<CustomerPushSubscriptionCreateInput, CustomerPushSubscriptionUncheckedCreateInput> & CustomerPushSubscriptionUncheckedCreateInput'.
    Property 'updatedAt' is missing in type '{ pushToken: any; customerId: number | null; deviceType: any; active: true; }' but required in type 'CustomerPushSubscriptionUncheckedCreateInput'.
app/api/settings/staff-accounts/[id]/route.ts(260,49): error TS2352: Conversion of type 'readonly ["Owner", "Manager", "Fulfillment", "Catalog"]' to type 'string[]' may be a mistake because neither type sufficiently overlaps with the other. If this was intentional, convert the expression to 'unknown' first.
  The type 'readonly ["Owner", "Manager", "Fulfillment", "Catalog"]' is 'readonly' and cannot be assigned to the mutable type 'string[]'.
app/api/shipping/route.ts(24,7): error TS2322: Type '{ name: any; fee: number; estimatedDays: any; description: any; active: boolean; isPickup: boolean; }' is not assignable to type '(Without<ShippingZoneCreateInput, ShippingZoneUncheckedCreateInput> & ShippingZoneUncheckedCreateInput) | (Without<...> & ShippingZoneCreateInput)'.
  Type '{ name: any; fee: number; estimatedDays: any; description: any; active: boolean; isPickup: boolean; }' is not assignable to type 'Without<ShippingZoneUncheckedCreateInput, ShippingZoneCreateInput> & ShippingZoneCreateInput'.
    Property 'updatedAt' is missing in type '{ name: any; fee: number; estimatedDays: any; description: any; active: boolean; isPickup: boolean; }' but required in type 'ShippingZoneCreateInput'.
app/api/store-locations/route.ts(65,9): error TS2322: Type '{ name: any; address: any; city: any; isDefault: boolean; }' is not assignable to type '(Without<StoreLocationCreateInput, StoreLocationUncheckedCreateInput> & StoreLocationUncheckedCreateInput) | (Without<...> & StoreLocationCreateInput)'.
  Type '{ name: any; address: any; city: any; isDefault: boolean; }' is not assignable to type 'Without<StoreLocationUncheckedCreateInput, StoreLocationCreateInput> & StoreLocationCreateInput'.
    Property 'updatedAt' is missing in type '{ name: any; address: any; city: any; isDefault: boolean; }' but required in type 'StoreLocationCreateInput'.
lib/notifications/worker.ts(49,7): error TS2561: Object literal may only specify known properties, but 'notification' does not exist in type 'NotificationDeliveryInclude<DefaultArgs>'. Did you mean to write 'Notification'?
lib/notifications/worker.ts(82,37): error TS2551: Property 'notification' does not exist on type '{ channel: string; id: number; status: string; createdAt: Date; provider: string; providerId: string | null; attempts: number; errorMessage: string | null; nextAttemptAt: Date | null; claimedAt: Date | null; claimedBy: string | null; sentAt: Date | null; notificationId: number; }'. Did you mean 'notificationId'?
lib/orders/events.ts(46,20): error TS2561: Object literal may only specify known properties, but 'customer' does not exist in type 'OrderInclude<DefaultArgs>'. Did you mean to write 'Customer'?
lib/orders/events.ts(51,37): error TS2551: Property 'customer' does not exist on type '{ customerId: number | null; id: number; updatedAt: Date; status: string; createdAt: Date; orderNumber: string; customerName: string; customerPhone: string; customerWhatsapp: string; ... 21 more ...; isWholesaleOrderSnapshot: boolean; }'. Did you mean 'customerId'?
lib/orders/events.ts(52,75): error TS2551: Property 'customer' does not exist on type '{ customerId: number | null; id: number; updatedAt: Date; status: string; createdAt: Date; orderNumber: string; customerName: string; customerPhone: string; customerWhatsapp: string; ... 21 more ...; isWholesaleOrderSnapshot: boolean; }'. Did you mean 'customerId'?
lib/wholesale/pricing.ts(45,16): error TS2353: Object literal may only specify known properties, and 'priceRules' does not exist in type 'CustomerGroupInclude<DefaultArgs>'.
lib/wholesale/pricing.ts(49,23): error TS2339: Property 'priceRules' does not exist on type '{ name: string; id: number; updatedAt: Date; createdAt: Date; description: string | null; slug: string; code: string; isActive: boolean; }'.
lib/wholesale/pricing.ts(50,47): error TS7006: Parameter 'r' implicitly has an 'any' type.
lib/wholesale/pricing.ts(55,21): error TS7006: Parameter 'r' implicitly has an 'any' type.
lib/wholesale/pricing.ts(63,19): error TS7006: Parameter 'r' implicitly has an 'any' type.
lib/wholesale/pricing.ts(76,7): error TS2561: Object literal may only specify known properties, but 'customerGroup' does not exist in type 'CustomerSelect<DefaultArgs>'. Did you mean to write 'CustomerGroup'?
lib/wholesale/pricing.ts(79,45): error TS2551: Property 'customerGroup' does not exist on type '{ name: string; id: number; updatedAt: Date; createdAt: Date; email: string | null; notes: string | null; phone: string; whatsapp: string; city: string | null; address: string | null; ... 6 more ...; customerGroupId: number | null; }'. Did you mean 'customerGroupId'?
scripts/backfill-orderitem-snapshots.ts(40,16): error TS2561: Object literal may only specify known properties, but 'product' does not exist in type 'OrderItemInclude<DefaultArgs>'. Did you mean to write 'Product'?
scripts/backfill-orderitem-snapshots.ts(49,14): error TS2551: Property 'product' does not exist on type '{ id: number; orderId: number; productId: number; quantity: number; price: number; unitCost: number | null; productNameSnapshot: string | null; brandSnapshot: string | null; }'. Did you mean 'productId'?
scripts/backfill-orderitem-snapshots.ts(53,26): error TS2551: Property 'product' does not exist on type '{ id: number; orderId: number; productId: number; quantity: number; price: number; unitCost: number | null; productNameSnapshot: string | null; brandSnapshot: string | null; }'. Did you mean 'productId'?
scripts/backfill-orderitem-snapshots.ts(54,37): error TS2551: Property 'product' does not exist on type '{ id: number; orderId: number; productId: number; quantity: number; price: number; unitCost: number | null; productNameSnapshot: string | null; brandSnapshot: string | null; }'. Did you mean 'productId'?
scripts/backfill-orderitem-snapshots.ts(55,31): error TS2551: Property 'product' does not exist on type '{ id: number; orderId: number; productId: number; quantity: number; price: number; unitCost: number | null; productNameSnapshot: string | null; brandSnapshot: string | null; }'. Did you mean 'productId'?
