app/admin/settings/page.tsx(4,58): error TS2307: Cannot find module '@/components/ui/tabs' or its corresponding type declarations.
app/admin/settings/page.tsx(5,24): error TS2307: Cannot find module '@/components/ui/button' or its corresponding type declarations.
app/admin/settings/page.tsx(6,26): error TS2307: Cannot find module '@tanstack/react-query' or its corresponding type declarations.
app/api/analytics/route.ts(29,7): error TS2353: Object literal may only specify known properties, and 'items' does not exist in type 'OrderSelect<DefaultArgs>'.
app/api/analytics/route.ts(106,7): error TS2561: Object literal may only specify known properties, but 'order' does not exist in type 'OrderItemWhereInput'. Did you mean to write 'Order'?
app/api/analytics/route.ts(109,7): error TS2561: Object literal may only specify known properties, but 'product' does not exist in type 'OrderItemInclude<DefaultArgs>'. Did you mean to write 'Product'?
app/api/analytics/route.ts(121,51): error TS2551: Property 'product' does not exist on type '{ id: number; orderId: number; productId: number; quantity: number; price: number; unitCost: number | null; productNameSnapshot: string | null; brandSnapshot: string | null; }'. Did you mean 'productId'?
app/api/analytics/route.ts(122,46): error TS2551: Property 'product' does not exist on type '{ id: number; orderId: number; productId: number; quantity: number; price: number; unitCost: number | null; productNameSnapshot: string | null; brandSnapshot: string | null; }'. Did you mean 'productId'?
app/api/analytics/route.ts(123,27): error TS2551: Property 'product' does not exist on type '{ id: number; orderId: number; productId: number; quantity: number; price: number; unitCost: number | null; productNameSnapshot: string | null; brandSnapshot: string | null; }'. Did you mean 'productId'?
app/api/analytics/route.ts(356,7): error TS2353: Object literal may only specify known properties, and 'items' does not exist in type 'OrderSelect<DefaultArgs>'.
app/api/analytics/route.ts(386,30): error TS2339: Property 'items' does not exist on type '{ id: number; createdAt: Date; updatedAt: Date; status: string; customerId: number | null; orderNumber: string; customerName: string; customerPhone: string; customerWhatsapp: string; ... 21 more ...; isWholesaleOrderSnapshot: boolean; }'.
app/api/campaigns/[id]/stats/route.ts(18,18): error TS2561: Object literal may only specify known properties, but 'coupon' does not exist in type 'CampaignInclude<DefaultArgs>'. Did you mean to write 'Coupon'?
app/api/campaigns/[id]/stats/route.ts(35,9): error TS2561: Object literal may only specify known properties, but 'order' does not exist in type 'CouponRedemptionWhereInput'. Did you mean to write 'Order'?
app/api/campaigns/[id]/stats/route.ts(38,9): error TS2561: Object literal may only specify known properties, but 'order' does not exist in type 'CouponRedemptionInclude<DefaultArgs>'. Did you mean to write 'Order'?
app/api/campaigns/[id]/stats/route.ts(55,65): error TS2551: Property 'order' does not exist on type '{ id: number; createdAt: Date; customerId: number; couponId: number; orderId: number; campaignId: number | null; }'. Did you mean 'orderId'?
app/api/campaigns/[id]/stats/route.ts(56,70): error TS2551: Property 'order' does not exist on type '{ id: number; createdAt: Date; customerId: number; couponId: number; orderId: number; campaignId: number | null; }'. Did you mean 'orderId'?
app/api/campaigns/[id]/stats/route.ts(61,28): error TS2551: Property 'order' does not exist on type '{ id: number; createdAt: Date; customerId: number; couponId: number; orderId: number; campaignId: number | null; }'. Did you mean 'orderId'?
app/api/campaigns/[id]/stats/route.ts(73,28): error TS2551: Property 'coupon' does not exist on type '{ id: number; name: string; createdAt: Date; updatedAt: Date; emailEnabled: boolean; pushEnabled: boolean; couponId: number; description: string | null; channel: string; audience: string; startDate: Date; endDate: Date; isActive: boolean; websiteEnabled: boolean; }'. Did you mean 'couponId'?
app/api/campaigns/route.ts(14,9): error TS2561: Object literal may only specify known properties, but 'coupon' does not exist in type 'CampaignInclude<DefaultArgs>'. Did you mean to write 'Coupon'?
app/api/campaigns/route.ts(47,7): error TS2322: Type '{ name: any; description: any; couponId: number; audience: any; channel: string; startDate: Date; endDate: Date; isActive: any; emailEnabled: boolean; pushEnabled: boolean; websiteEnabled: boolean; }' is not assignable to type '(Without<CampaignCreateInput, CampaignUncheckedCreateInput> & CampaignUncheckedCreateInput) | (Without<...> & CampaignCreateInput)'.
  Type '{ name: any; description: any; couponId: number; audience: any; channel: string; startDate: Date; endDate: Date; isActive: any; emailEnabled: boolean; pushEnabled: boolean; websiteEnabled: boolean; }' is not assignable to type 'Without<CampaignCreateInput, CampaignUncheckedCreateInput> & CampaignUncheckedCreateInput'.
    Property 'updatedAt' is missing in type '{ name: any; description: any; couponId: number; audience: any; channel: string; startDate: Date; endDate: Date; isActive: any; emailEnabled: boolean; pushEnabled: boolean; websiteEnabled: boolean; }' but required in type 'CampaignUncheckedCreateInput'.
app/api/campaigns/route.ts(61,9): error TS2561: Object literal may only specify known properties, but 'coupon' does not exist in type 'CampaignInclude<DefaultArgs>'. Did you mean to write 'Coupon'?
app/api/campaigns/route.ts(65,31): error TS2551: Property 'coupon' does not exist on type '{ id: number; name: string; createdAt: Date; updatedAt: Date; emailEnabled: boolean; pushEnabled: boolean; couponId: number; description: string | null; channel: string; audience: string; startDate: Date; endDate: Date; isActive: boolean; websiteEnabled: boolean; }'. Did you mean 'couponId'?
app/api/campaigns/route.ts(66,61): error TS2551: Property 'coupon' does not exist on type '{ id: number; name: string; createdAt: Date; updatedAt: Date; emailEnabled: boolean; pushEnabled: boolean; couponId: number; description: string | null; channel: string; audience: string; startDate: Date; endDate: Date; isActive: boolean; websiteEnabled: boolean; }'. Did you mean 'couponId'?
app/api/campaigns/route.ts(73,11): error TS2322: Type '{ type: string; title: string; message: string; actionLabel: string; actionUrl: string; audience: string; priority: number; dismissible: true; isActive: true; startsAt: Date; endsAt: Date; campaignId: number; }' is not assignable to type '(Without<StoreAnnouncementCreateInput, StoreAnnouncementUncheckedCreateInput> & StoreAnnouncementUncheckedCreateInput) | (Without<...> & StoreAnnouncementCreateInput)'.
  Type '{ type: string; title: string; message: string; actionLabel: string; actionUrl: string; audience: string; priority: number; dismissible: true; isActive: true; startsAt: Date; endsAt: Date; campaignId: number; }' is not assignable to type 'Without<StoreAnnouncementCreateInput, StoreAnnouncementUncheckedCreateInput> & StoreAnnouncementUncheckedCreateInput'.
    Property 'updatedAt' is missing in type '{ type: string; title: string; message: string; actionLabel: string; actionUrl: string; audience: string; priority: number; dismissible: true; isActive: true; startsAt: Date; endsAt: Date; campaignId: number; }' but required in type 'StoreAnnouncementUncheckedCreateInput'.
app/api/campaigns/route.ts(77,35): error TS2551: Property 'coupon' does not exist on type '{ id: number; name: string; createdAt: Date; updatedAt: Date; emailEnabled: boolean; pushEnabled: boolean; couponId: number; description: string | null; channel: string; audience: string; startDate: Date; endDate: Date; isActive: boolean; websiteEnabled: boolean; }'. Did you mean 'couponId'?
app/api/campaigns/route.ts(77,66): error TS2551: Property 'coupon' does not exist on type '{ id: number; name: string; createdAt: Date; updatedAt: Date; emailEnabled: boolean; pushEnabled: boolean; couponId: number; description: string | null; channel: string; audience: string; startDate: Date; endDate: Date; isActive: boolean; websiteEnabled: boolean; }'. Did you mean 'couponId'?
app/api/coupons/[id]/route.ts(15,18): error TS2561: Object literal may only specify known properties, but 'campaigns' does not exist in type 'CouponInclude<DefaultArgs>'. Did you mean to write 'Campaign'?
app/api/coupons/route.ts(13,9): error TS2561: Object literal may only specify known properties, but 'campaigns' does not exist in type 'CouponInclude<DefaultArgs>'. Did you mean to write 'Campaign'?
app/api/coupons/route.ts(61,7): error TS2322: Type '{ code: any; name: any; storeLocation: any; discountType: any; discountValue: number; minOrderAmount: number; usageLimit: number; customerLimit: number; maxDiscountAmount: number | null; startDate: Date | null; ... 4 more ...; wholesaleEligible: boolean; }' is not assignable to type '(Without<CouponCreateInput, CouponUncheckedCreateInput> & CouponUncheckedCreateInput) | (Without<...> & CouponCreateInput)'.
  Type '{ code: any; name: any; storeLocation: any; discountType: any; discountValue: number; minOrderAmount: number; usageLimit: number; customerLimit: number; maxDiscountAmount: number | null; startDate: Date | null; ... 4 more ...; wholesaleEligible: boolean; }' is not assignable to type 'Without<CouponUncheckedCreateInput, CouponCreateInput> & CouponCreateInput'.
    Property 'updatedAt' is missing in type '{ code: any; name: any; storeLocation: any; discountType: any; discountValue: number; minOrderAmount: number; usageLimit: number; customerLimit: number; maxDiscountAmount: number | null; startDate: Date | null; ... 4 more ...; wholesaleEligible: boolean; }' but required in type 'CouponCreateInput'.
app/api/customer-auth/login/route.ts(30,9): error TS2322: Type '{ phone: any; whatsapp: any; name: any; email: any; acquisitionSource: string; }' is not assignable to type '(Without<CustomerCreateInput, CustomerUncheckedCreateInput> & CustomerUncheckedCreateInput) | (Without<...> & CustomerCreateInput)'.
  Type '{ phone: any; whatsapp: any; name: any; email: any; acquisitionSource: string; }' is not assignable to type 'Without<CustomerUncheckedCreateInput, CustomerCreateInput> & CustomerCreateInput'.
    Property 'updatedAt' is missing in type '{ phone: any; whatsapp: any; name: any; email: any; acquisitionSource: string; }' but required in type 'CustomerCreateInput'.
app/api/customer-groups/[id]/route.ts(33,29): error TS2561: Object literal may only specify known properties, but 'customers' does not exist in type 'CustomerGroupCountOutputTypeSelect<DefaultArgs>'. Did you mean to write 'Customer'?
app/api/customer-groups/[id]/rules/route.ts(51,7): error TS2322: Type '{ customerGroupId: number; productId: number | null; categoryId: number | null; minQuantity: number; unitPrice: number | null; discountPercent: number | null; }' is not assignable to type '(Without<WholesalePriceRuleCreateInput, WholesalePriceRuleUncheckedCreateInput> & WholesalePriceRuleUncheckedCreateInput) | (Without<...> & WholesalePriceRuleCreateInput)'.
  Type '{ customerGroupId: number; productId: number | null; categoryId: number | null; minQuantity: number; unitPrice: number | null; discountPercent: number | null; }' is not assignable to type 'Without<WholesalePriceRuleCreateInput, WholesalePriceRuleUncheckedCreateInput> & WholesalePriceRuleUncheckedCreateInput'.
    Property 'updatedAt' is missing in type '{ customerGroupId: number; productId: number | null; categoryId: number | null; minQuantity: number; unitPrice: number | null; discountPercent: number | null; }' but required in type 'WholesalePriceRuleUncheckedCreateInput'.
app/api/customer-groups/[id]/rules/route.ts(59,18): error TS2561: Object literal may only specify known properties, but 'product' does not exist in type 'WholesalePriceRuleInclude<DefaultArgs>'. Did you mean to write 'Product'?
app/api/customer-groups/route.ts(20,29): error TS2561: Object literal may only specify known properties, but 'customers' does not exist in type 'CustomerGroupCountOutputTypeSelect<DefaultArgs>'. Did you mean to write 'Customer'?
app/api/customer-groups/route.ts(47,7): error TS2322: Type '{ name: string; slug: string; description: string | null; isActive: boolean; }' is not assignable to type '(Without<CustomerGroupCreateInput, CustomerGroupUncheckedCreateInput> & CustomerGroupUncheckedCreateInput) | (Without<...> & CustomerGroupCreateInput)'.
  Type '{ name: string; slug: string; description: string | null; isActive: boolean; }' is not assignable to type 'Without<CustomerGroupUncheckedCreateInput, CustomerGroupCreateInput> & CustomerGroupCreateInput'.
    Property 'updatedAt' is missing in type '{ name: string; slug: string; description: string | null; isActive: boolean; }' but required in type 'CustomerGroupCreateInput'.
app/api/customers/%5Bid%5D/route.ts(40,20): error TS2561: Object literal may only specify known properties, but 'customerGroup' does not exist in type 'CustomerInclude<DefaultArgs>'. Did you mean to write 'CustomerGroup'?
app/api/customers/route.ts(65,9): error TS2561: Object literal may only specify known properties, but 'orders' does not exist in type 'CustomerInclude<DefaultArgs>'. Did you mean to write 'Order'?
app/api/notifications/route.ts(35,9): error TS2353: Object literal may only specify known properties, and 'deliveries' does not exist in type 'NotificationInclude<DefaultArgs>'.
app/api/orders/[id]/route.ts(35,9): error TS2353: Object literal may only specify known properties, and 'items' does not exist in type 'OrderInclude<DefaultArgs>'.
app/api/orders/[id]/route.ts(75,18): error TS2353: Object literal may only specify known properties, and 'items' does not exist in type 'OrderInclude<DefaultArgs>'.
app/api/orders/[id]/route.ts(160,43): error TS2339: Property 'items' does not exist on type '{ id: number; createdAt: Date; updatedAt: Date; status: string; customerId: number | null; orderNumber: string; customerName: string; customerPhone: string; customerWhatsapp: string; ... 21 more ...; isWholesaleOrderSnapshot: boolean; }'.
app/api/orders/[id]/route.ts(165,43): error TS2339: Property 'items' does not exist on type '{ id: number; createdAt: Date; updatedAt: Date; status: string; customerId: number | null; orderNumber: string; customerName: string; customerPhone: string; customerWhatsapp: string; ... 21 more ...; isWholesaleOrderSnapshot: boolean; }'.
app/api/orders/[id]/route.ts(190,43): error TS2339: Property 'items' does not exist on type '{ id: number; createdAt: Date; updatedAt: Date; status: string; customerId: number | null; orderNumber: string; customerName: string; customerPhone: string; customerWhatsapp: string; ... 21 more ...; isWholesaleOrderSnapshot: boolean; }'.
app/api/orders/[id]/route.ts(226,43): error TS2339: Property 'items' does not exist on type '{ id: number; createdAt: Date; updatedAt: Date; status: string; customerId: number | null; orderNumber: string; customerName: string; customerPhone: string; customerWhatsapp: string; ... 21 more ...; isWholesaleOrderSnapshot: boolean; }'.
app/api/orders/[id]/route.ts(308,11): error TS2353: Object literal may only specify known properties, and 'items' does not exist in type 'OrderInclude<DefaultArgs>'.
app/api/orders/route.ts(105,18): error TS2561: Object literal may only specify known properties, but 'customerGroup' does not exist in type 'CustomerInclude<DefaultArgs>'. Did you mean to write 'CustomerGroup'?
app/api/orders/route.ts(107,56): error TS2551: Property 'customerGroup' does not exist on type '{ id: number; name: string; phone: string; email: string | null; address: string | null; createdAt: Date; updatedAt: Date; city: string | null; notes: string | null; whatsapp: string; ... 6 more ...; customerGroupId: number | null; }'. Did you mean 'customerGroupId'?
app/api/orders/route.ts(127,20): error TS2561: Object literal may only specify known properties, but 'campaigns' does not exist in type 'CouponInclude<DefaultArgs>'. Did you mean to write 'Campaign'?
app/api/orders/route.ts(219,20): error TS2561: Object literal may only specify known properties, but 'customerGroup' does not exist in type 'CustomerInclude<DefaultArgs>'. Did you mean to write 'CustomerGroup'?
app/api/orders/route.ts(230,22): error TS2561: Object literal may only specify known properties, but 'customerGroup' does not exist in type 'CustomerInclude<DefaultArgs>'. Did you mean to write 'CustomerGroup'?
app/api/orders/route.ts(234,11): error TS2322: Type '{ name: any; phone: string; whatsapp: string; address: any; acquisitionSource: any; totalSpent: number; ordersCount: number; }' is not assignable to type '(Without<CustomerCreateInput, CustomerUncheckedCreateInput> & CustomerUncheckedCreateInput) | (Without<...> & CustomerCreateInput)'.
  Type '{ name: any; phone: string; whatsapp: string; address: any; acquisitionSource: any; totalSpent: number; ordersCount: number; }' is not assignable to type 'Without<CustomerUncheckedCreateInput, CustomerCreateInput> & CustomerCreateInput'.
    Property 'updatedAt' is missing in type '{ name: any; phone: string; whatsapp: string; address: any; acquisitionSource: any; totalSpent: number; ordersCount: number; }' but required in type 'CustomerCreateInput'.
app/api/orders/route.ts(243,22): error TS2561: Object literal may only specify known properties, but 'customerGroup' does not exist in type 'CustomerInclude<DefaultArgs>'. Did you mean to write 'CustomerGroup'?
app/api/orders/route.ts(276,47): error TS2551: Property 'customerGroup' does not exist on type '{ id: number; name: string; phone: string; email: string | null; address: string | null; createdAt: Date; updatedAt: Date; city: string | null; notes: string | null; whatsapp: string; ... 6 more ...; customerGroupId: number | null; }'. Did you mean 'customerGroupId'?
app/api/orders/route.ts(277,47): error TS2551: Property 'customerGroup' does not exist on type '{ id: number; name: string; phone: string; email: string | null; address: string | null; createdAt: Date; updatedAt: Date; city: string | null; notes: string | null; whatsapp: string; ... 6 more ...; customerGroupId: number | null; }'. Did you mean 'customerGroupId'?
app/api/orders/route.ts(278,54): error TS2551: Property 'customerGroup' does not exist on type '{ id: number; name: string; phone: string; email: string | null; address: string | null; createdAt: Date; updatedAt: Date; city: string | null; notes: string | null; whatsapp: string; ... 6 more ...; customerGroupId: number | null; }'. Did you mean 'customerGroupId'?
app/api/orders/route.ts(279,11): error TS2353: Object literal may only specify known properties, and 'items' does not exist in type 'Without<OrderCreateInput, OrderUncheckedCreateInput> & OrderUncheckedCreateInput'.
app/api/orders/route.ts(299,20): error TS2353: Object literal may only specify known properties, and 'items' does not exist in type 'OrderInclude<DefaultArgs>'.
app/api/orders/route.ts(476,9): error TS2353: Object literal may only specify known properties, and 'items' does not exist in type 'OrderInclude<DefaultArgs>'.
app/api/orders/track/[token/]/route.ts(43,9): error TS2353: Object literal may only specify known properties, and 'items' does not exist in type 'OrderInclude<DefaultArgs>'.
app/api/orders/track/[token/]/route.ts(56,31): error TS2339: Property 'items' does not exist on type '{ id: number; createdAt: Date; updatedAt: Date; status: string; customerId: number | null; orderNumber: string; customerName: string; customerPhone: string; customerWhatsapp: string; ... 21 more ...; isWholesaleOrderSnapshot: boolean; }'.
app/api/orders/track/[token/]/route.ts(56,42): error TS7006: Parameter 'item' implicitly has an 'any' type.
app/api/orders/track/[token/]/route.ts(64,34): error TS2339: Property 'timeline' does not exist on type '{ id: number; createdAt: Date; updatedAt: Date; status: string; customerId: number | null; orderNumber: string; customerName: string; customerPhone: string; customerWhatsapp: string; ... 21 more ...; isWholesaleOrderSnapshot: boolean; }'.
app/api/orders/track/[token/]/route.ts(65,16): error TS7006: Parameter 'evt' implicitly has an 'any' type.
app/api/orders/track/[token/]/route.ts(70,13): error TS7006: Parameter 'evt' implicitly has an 'any' type.
app/api/orders/track/[token]/route.ts(43,9): error TS2353: Object literal may only specify known properties, and 'items' does not exist in type 'OrderInclude<DefaultArgs>'.
app/api/orders/track/[token]/route.ts(56,31): error TS2339: Property 'items' does not exist on type '{ id: number; createdAt: Date; updatedAt: Date; status: string; customerId: number | null; orderNumber: string; customerName: string; customerPhone: string; customerWhatsapp: string; ... 21 more ...; isWholesaleOrderSnapshot: boolean; }'.
app/api/orders/track/[token]/route.ts(56,42): error TS7006: Parameter 'item' implicitly has an 'any' type.
app/api/orders/track/[token]/route.ts(64,34): error TS2339: Property 'timeline' does not exist on type '{ id: number; createdAt: Date; updatedAt: Date; status: string; customerId: number | null; orderNumber: string; customerName: string; customerPhone: string; customerWhatsapp: string; ... 21 more ...; isWholesaleOrderSnapshot: boolean; }'.
app/api/orders/track/[token]/route.ts(65,16): error TS7006: Parameter 'evt' implicitly has an 'any' type.
app/api/orders/track/[token]/route.ts(70,13): error TS7006: Parameter 'evt' implicitly has an 'any' type.
app/api/products/route.ts(99,7): error TS2322: Type '{ name: any; brand: any; price: number; salePrice: number | null; costPrice: number; badge: any; categoryId: number; volume: any; notes: any; topNotes: any; middleNotes: any; baseNotes: any; description: any; ... 4 more ...; images: any[]; }' is not assignable to type '(Without<ProductCreateInput, ProductUncheckedCreateInput> & ProductUncheckedCreateInput) | (Without<...> & ProductCreateInput)'.
  Type '{ name: any; brand: any; price: number; salePrice: number | null; costPrice: number; badge: any; categoryId: number; volume: any; notes: any; topNotes: any; middleNotes: any; baseNotes: any; description: any; ... 4 more ...; images: any[]; }' is not assignable to type 'Without<ProductCreateInput, ProductUncheckedCreateInput> & ProductUncheckedCreateInput'.
    Property 'updatedAt' is missing in type '{ name: any; brand: any; price: number; salePrice: number | null; costPrice: number; badge: any; categoryId: number; volume: any; notes: any; topNotes: any; middleNotes: any; baseNotes: any; description: any; ... 4 more ...; images: any[]; }' but required in type 'ProductUncheckedCreateInput'.
app/api/push-subscriptions/route.ts(25,7): error TS2322: Type '{ pushToken: any; customerId: number | null; deviceType: any; active: true; }' is not assignable to type '(Without<CustomerPushSubscriptionCreateInput, CustomerPushSubscriptionUncheckedCreateInput> & CustomerPushSubscriptionUncheckedCreateInput) | (Without<...> & CustomerPushSubscriptionCreateInput)'.
  Type '{ pushToken: any; customerId: number | null; deviceType: any; active: true; }' is not assignable to type 'Without<CustomerPushSubscriptionCreateInput, CustomerPushSubscriptionUncheckedCreateInput> & CustomerPushSubscriptionUncheckedCreateInput'.
    Property 'updatedAt' is missing in type '{ pushToken: any; customerId: number | null; deviceType: any; active: true; }' but required in type 'CustomerPushSubscriptionUncheckedCreateInput'.
app/api/settings/config/import/route.ts(121,11): error TS2322: Type '{ id: number; name: any; email: any; phone: any; address: any; hours: any; taxId: any; }' is not assignable to type '(Without<BusinessProfileCreateInput, BusinessProfileUncheckedCreateInput> & BusinessProfileUncheckedCreateInput) | (Without<...> & BusinessProfileCreateInput)'.
  Type '{ id: number; name: any; email: any; phone: any; address: any; hours: any; taxId: any; }' is not assignable to type 'Without<BusinessProfileUncheckedCreateInput, BusinessProfileCreateInput> & BusinessProfileCreateInput'.
    Property 'updatedAt' is missing in type '{ id: number; name: any; email: any; phone: any; address: any; hours: any; taxId: any; }' but required in type 'BusinessProfileCreateInput'.
app/api/settings/config/import/route.ts(140,13): error TS2322: Type '{ name: any; address: any; city: any; isDefault: any; }' is not assignable to type '(Without<StoreLocationCreateInput, StoreLocationUncheckedCreateInput> & StoreLocationUncheckedCreateInput) | (Without<...> & StoreLocationCreateInput)'.
  Type '{ name: any; address: any; city: any; isDefault: any; }' is not assignable to type 'Without<StoreLocationUncheckedCreateInput, StoreLocationCreateInput> & StoreLocationCreateInput'.
    Property 'updatedAt' is missing in type '{ name: any; address: any; city: any; isDefault: any; }' but required in type 'StoreLocationCreateInput'.
app/api/settings/config/import/route.ts(174,15): error TS2322: Type '{ name: any; email: any; role: any; permissions: any; active: boolean; }' is not assignable to type '(Without<StaffAccountCreateInput, StaffAccountUncheckedCreateInput> & StaffAccountUncheckedCreateInput) | (Without<...> & StaffAccountCreateInput)'.
  Type '{ name: any; email: any; role: any; permissions: any; active: boolean; }' is not assignable to type 'Without<StaffAccountUncheckedCreateInput, StaffAccountCreateInput> & StaffAccountCreateInput'.
    Property 'updatedAt' is missing in type '{ name: any; email: any; role: any; permissions: any; active: boolean; }' but required in type 'StaffAccountCreateInput'.
app/api/settings/config/import/route.ts(197,11): error TS2322: Type '{ id: number; bankAccountName: any; merchantId: any; }' is not assignable to type '(Without<PaymentSettingsCreateInput, PaymentSettingsUncheckedCreateInput> & PaymentSettingsUncheckedCreateInput) | (Without<...> & PaymentSettingsCreateInput)'.
  Type '{ id: number; bankAccountName: any; merchantId: any; }' is not assignable to type 'Without<PaymentSettingsUncheckedCreateInput, PaymentSettingsCreateInput> & PaymentSettingsCreateInput'.
    Property 'updatedAt' is missing in type '{ id: number; bankAccountName: any; merchantId: any; }' but required in type 'PaymentSettingsCreateInput'.
app/api/settings/config/import/route.ts(215,11): error TS2322: Type '{ id: number; emailEnabled: any; pushEnabled: any; }' is not assignable to type '(Without<NotificationSettingsCreateInput, NotificationSettingsUncheckedCreateInput> & NotificationSettingsUncheckedCreateInput) | (Without<...> & NotificationSettingsCreateInput)'.
  Type '{ id: number; emailEnabled: any; pushEnabled: any; }' is not assignable to type 'Without<NotificationSettingsUncheckedCreateInput, NotificationSettingsCreateInput> & NotificationSettingsCreateInput'.
    Property 'updatedAt' is missing in type '{ id: number; emailEnabled: any; pushEnabled: any; }' but required in type 'NotificationSettingsCreateInput'.
app/api/settings/config/import/route.ts(235,11): error TS2322: Type '{ id: number; defaultShippingZoneId: any; defaultStoreLocationId: any; defaultAcquisitionSource: any; orderNumberPrefix: any; }' is not assignable to type '(Without<SystemDefaultsCreateInput, SystemDefaultsUncheckedCreateInput> & SystemDefaultsUncheckedCreateInput) | (Without<...> & SystemDefaultsCreateInput)'.
  Type '{ id: number; defaultShippingZoneId: any; defaultStoreLocationId: any; defaultAcquisitionSource: any; orderNumberPrefix: any; }' is not assignable to type 'Without<SystemDefaultsUncheckedCreateInput, SystemDefaultsCreateInput> & SystemDefaultsCreateInput'.
    Property 'updatedAt' is missing in type '{ id: number; defaultShippingZoneId: any; defaultStoreLocationId: any; defaultAcquisitionSource: any; orderNumberPrefix: any; }' but required in type 'SystemDefaultsCreateInput'.
app/api/settings/staff-accounts/[id]/route.ts(260,49): error TS2352: Conversion of type 'readonly ["Owner", "Manager", "Fulfillment", "Catalog"]' to type 'string[]' may be a mistake because neither type sufficiently overlaps with the other. If this was intentional, convert the expression to 'unknown' first.
  The type 'readonly ["Owner", "Manager", "Fulfillment", "Catalog"]' is 'readonly' and cannot be assigned to the mutable type 'string[]'.
app/api/shipping/route.ts(24,7): error TS2322: Type '{ name: any; fee: number; estimatedDays: any; description: any; active: boolean; isPickup: boolean; }' is not assignable to type '(Without<ShippingZoneCreateInput, ShippingZoneUncheckedCreateInput> & ShippingZoneUncheckedCreateInput) | (Without<...> & ShippingZoneCreateInput)'.
  Type '{ name: any; fee: number; estimatedDays: any; description: any; active: boolean; isPickup: boolean; }' is not assignable to type 'Without<ShippingZoneUncheckedCreateInput, ShippingZoneCreateInput> & ShippingZoneCreateInput'.
    Property 'updatedAt' is missing in type '{ name: any; fee: number; estimatedDays: any; description: any; active: boolean; isPickup: boolean; }' but required in type 'ShippingZoneCreateInput'.
app/api/store-announcements/route.ts(49,7): error TS2322: Type '{ type: any; title: any; message: any; imageUrl: any; actionLabel: any; actionUrl: any; audience: any; priority: number; dismissible: boolean; isActive: boolean; startsAt: Date | null; endsAt: Date | null; campaignId: number | null; }' is not assignable to type '(Without<StoreAnnouncementCreateInput, StoreAnnouncementUncheckedCreateInput> & StoreAnnouncementUncheckedCreateInput) | (Without<...> & StoreAnnouncementCreateInput)'.
  Type '{ type: any; title: any; message: any; imageUrl: any; actionLabel: any; actionUrl: any; audience: any; priority: number; dismissible: boolean; isActive: boolean; startsAt: Date | null; endsAt: Date | null; campaignId: number | null; }' is not assignable to type 'Without<StoreAnnouncementCreateInput, StoreAnnouncementUncheckedCreateInput> & StoreAnnouncementUncheckedCreateInput'.
    Property 'updatedAt' is missing in type '{ type: any; title: any; message: any; imageUrl: any; actionLabel: any; actionUrl: any; audience: any; priority: number; dismissible: boolean; isActive: boolean; startsAt: Date | null; endsAt: Date | null; campaignId: number | null; }' but required in type 'StoreAnnouncementUncheckedCreateInput'.
app/api/store-locations/route.ts(65,9): error TS2322: Type '{ name: any; address: any; city: any; isDefault: boolean; }' is not assignable to type '(Without<StoreLocationCreateInput, StoreLocationUncheckedCreateInput> & StoreLocationUncheckedCreateInput) | (Without<...> & StoreLocationCreateInput)'.
  Type '{ name: any; address: any; city: any; isDefault: boolean; }' is not assignable to type 'Without<StoreLocationUncheckedCreateInput, StoreLocationCreateInput> & StoreLocationCreateInput'.
    Property 'updatedAt' is missing in type '{ name: any; address: any; city: any; isDefault: boolean; }' but required in type 'StoreLocationCreateInput'.
app/api/wholesale-price-rules/[id]/route.ts(20,9): error TS2561: Object literal may only specify known properties, but 'wholesalePriceRules' does not exist in type 'ProductInclude<DefaultArgs>'. Did you mean to write 'WholesalePriceRule'?
lib/notifications/worker.ts(49,7): error TS2561: Object literal may only specify known properties, but 'notification' does not exist in type 'NotificationDeliveryInclude<DefaultArgs>'. Did you mean to write 'Notification'?
lib/notifications/worker.ts(82,37): error TS2551: Property 'notification' does not exist on type '{ id: number; createdAt: Date; status: string; channel: string; provider: string; providerId: string | null; attempts: number; errorMessage: string | null; nextAttemptAt: Date | null; claimedAt: Date | null; claimedBy: string | null; sentAt: Date | null; notificationId: number; }'. Did you mean 'notificationId'?
lib/orders/events.ts(46,20): error TS2561: Object literal may only specify known properties, but 'customer' does not exist in type 'OrderInclude<DefaultArgs>'. Did you mean to write 'Customer'?
lib/orders/events.ts(51,37): error TS2551: Property 'customer' does not exist on type '{ id: number; createdAt: Date; updatedAt: Date; status: string; customerId: number | null; orderNumber: string; customerName: string; customerPhone: string; customerWhatsapp: string; ... 21 more ...; isWholesaleOrderSnapshot: boolean; }'. Did you mean 'customerId'?
lib/orders/events.ts(52,75): error TS2551: Property 'customer' does not exist on type '{ id: number; createdAt: Date; updatedAt: Date; status: string; customerId: number | null; orderNumber: string; customerName: string; customerPhone: string; customerWhatsapp: string; ... 21 more ...; isWholesaleOrderSnapshot: boolean; }'. Did you mean 'customerId'?
lib/wholesale/pricing.ts(45,16): error TS2353: Object literal may only specify known properties, and 'priceRules' does not exist in type 'CustomerGroupInclude<DefaultArgs>'.
lib/wholesale/pricing.ts(49,23): error TS2339: Property 'priceRules' does not exist on type '{ id: number; name: string; createdAt: Date; updatedAt: Date; code: string; description: string | null; isActive: boolean; slug: string; }'.
lib/wholesale/pricing.ts(50,47): error TS7006: Parameter 'r' implicitly has an 'any' type.
lib/wholesale/pricing.ts(55,21): error TS7006: Parameter 'r' implicitly has an 'any' type.
lib/wholesale/pricing.ts(63,19): error TS7006: Parameter 'r' implicitly has an 'any' type.
lib/wholesale/pricing.ts(76,7): error TS2561: Object literal may only specify known properties, but 'customerGroup' does not exist in type 'CustomerSelect<DefaultArgs>'. Did you mean to write 'CustomerGroup'?
lib/wholesale/pricing.ts(79,45): error TS2551: Property 'customerGroup' does not exist on type '{ id: number; name: string; phone: string; email: string | null; address: string | null; createdAt: Date; updatedAt: Date; city: string | null; notes: string | null; whatsapp: string; ... 6 more ...; customerGroupId: number | null; }'. Did you mean 'customerGroupId'?
scripts/backfill-orderitem-snapshots.ts(40,16): error TS2561: Object literal may only specify known properties, but 'product' does not exist in type 'OrderItemInclude<DefaultArgs>'. Did you mean to write 'Product'?
scripts/backfill-orderitem-snapshots.ts(49,14): error TS2551: Property 'product' does not exist on type '{ id: number; orderId: number; productId: number; quantity: number; price: number; unitCost: number | null; productNameSnapshot: string | null; brandSnapshot: string | null; }'. Did you mean 'productId'?
scripts/backfill-orderitem-snapshots.ts(53,26): error TS2551: Property 'product' does not exist on type '{ id: number; orderId: number; productId: number; quantity: number; price: number; unitCost: number | null; productNameSnapshot: string | null; brandSnapshot: string | null; }'. Did you mean 'productId'?
scripts/backfill-orderitem-snapshots.ts(54,37): error TS2551: Property 'product' does not exist on type '{ id: number; orderId: number; productId: number; quantity: number; price: number; unitCost: number | null; productNameSnapshot: string | null; brandSnapshot: string | null; }'. Did you mean 'productId'?
scripts/backfill-orderitem-snapshots.ts(55,31): error TS2551: Property 'product' does not exist on type '{ id: number; orderId: number; productId: number; quantity: number; price: number; unitCost: number | null; productNameSnapshot: string | null; brandSnapshot: string | null; }'. Did you mean 'productId'?
